2026-09-13 14:33:18.827 [] INFO  p.e.u.s.a.c.CatalogoPruebaControllerTest - Starting CatalogoPruebaControllerTest using Java 21.0.12.1 with PID 6464 (started by ASUS in D:\T\02_Proyectos\Proyecto_integrador_2026\saludablemente)
2026-09-13 14:33:18.839 [] DEBUG p.e.u.s.a.c.CatalogoPruebaControllerTest - Running with Spring Boot v4.0.7, Spring v7.0.8
2026-09-13 14:33:18.839 [] INFO  p.e.u.s.a.c.CatalogoPruebaControllerTest - The following 1 profile is active: "dev"
2026-09-13 14:33:24.638 [] DEBUG p.e.u.s.filter.CorrelationIdFilter - Filter 'correlationIdFilter' configured for use
2026-09-13 14:33:24.659 [] INFO  o.s.b.t.m.w.SpringBootMockServletContext - Initializing Spring TestDispatcherServlet ''
2026-09-13 14:33:24.659 [] INFO  o.s.t.w.s.TestDispatcherServlet - Initializing Servlet ''
2026-09-13 14:33:24.669 [] INFO  o.s.t.w.s.TestDispatcherServlet - Completed initialization in 8 ms
2026-09-13 14:33:24.749 [] INFO  p.e.u.s.a.c.CatalogoPruebaControllerTest - Started CatalogoPruebaControllerTest in 7.815 seconds (process running for 14.017)
2026-09-13 14:33:25.971 [] INFO  o.s.t.c.s.AnnotationConfigContextLoaderUtils - Could not detect default configuration classes for test class [pe.edu.upeu.saludablemente.aptitudfisica.controller.EvaluacionAptitudControllerTest]: EvaluacionAptitudControllerTest does not declare any static, non-private, non-final, nested classes annotated with @Configuration.
2026-09-13 14:33:26.052 [] INFO  o.s.b.t.c.SpringBootTestContextBootstrapper - Found @SpringBootConfiguration pe.edu.upeu.saludablemente.SaludablementeApplication for test class pe.edu.upeu.saludablemente.aptitudfisica.controller.EvaluacionAptitudControllerTest
2026-09-13 14:33:26.052 [] INFO  o.s.t.c.s.AnnotationConfigContextLoaderUtils - Could not detect default configuration classes for test class [pe.edu.upeu.saludablemente.aptitudfisica.controller.EvaluacionAptitudControllerTest]: EvaluacionAptitudControllerTest does not declare any static, non-private, non-final, nested classes annotated with @Configuration.
2026-09-13 14:33:26.104 [] INFO  o.s.b.t.c.SpringBootTestContextBootstrapper - Found @SpringBootConfiguration pe.edu.upeu.saludablemente.SaludablementeApplication for test class pe.edu.upeu.saludablemente.aptitudfisica.controller.EvaluacionAptitudControllerTest
2026-09-13 14:33:26.141 [] INFO  o.s.b.d.r.RestartApplicationListener - Restart disabled due to context in which it is running
2026-09-13 14:33:26.308 [] INFO  p.e.u.s.a.c.EvaluacionAptitudControllerTest - Starting EvaluacionAptitudControllerTest using Java 21.0.12.1 with PID 6464 (started by ASUS in D:\T\02_Proyectos\Proyecto_integrador_2026\saludablemente)
2026-09-13 14:33:26.314 [] DEBUG p.e.u.s.a.c.EvaluacionAptitudControllerTest - Running with Spring Boot v4.0.7, Spring v7.0.8
2026-09-13 14:33:26.317 [] INFO  p.e.u.s.a.c.EvaluacionAptitudControllerTest - The following 1 profile is active: "dev"
2026-09-13 14:33:27.427 [] DEBUG p.e.u.s.filter.CorrelationIdFilter - Filter 'correlationIdFilter' configured for use
2026-09-13 14:33:27.427 [] INFO  o.s.b.t.m.w.SpringBootMockServletContext - Initializing Spring TestDispatcherServlet ''
2026-09-13 14:33:27.427 [] INFO  o.s.t.w.s.TestDispatcherServlet - Initializing Servlet ''
2026-09-13 14:33:27.431 [] INFO  o.s.t.w.s.TestDispatcherServlet - Completed initialization in 4 ms
2026-09-13 14:33:27.467 [] INFO  p.e.u.s.a.c.EvaluacionAptitudControllerTest - Started EvaluacionAptitudControllerTest in 1.328 seconds (process running for 16.734)
2026-09-13 14:33:28.307 [] INFO  c.tngtech.archunit.core.PluginLoader - Detected Java version 21.0.12.1
2026-09-13 14:33:34.771 [] INFO  o.s.t.c.s.AnnotationConfigContextLoaderUtils - Could not detect default configuration classes for test class [pe.edu.upeu.saludablemente.nutricional.controller.EvaluacionNutricionalControllerTest]: EvaluacionNutricionalControllerTest does not declare any static, non-private, non-final, nested classes annotated with @Configuration.
2026-09-13 14:33:34.871 [] INFO  o.s.b.t.c.SpringBootTestContextBootstrapper - Found @SpringBootConfiguration pe.edu.upeu.saludablemente.SaludablementeApplication for test class pe.edu.upeu.saludablemente.nutricional.controller.EvaluacionNutricionalControllerTest
2026-09-13 14:33:34.880 [] INFO  o.s.t.c.s.AnnotationConfigContextLoaderUtils - Could not detect default configuration classes for test class [pe.edu.upeu.saludablemente.nutricional.controller.EvaluacionNutricionalControllerTest]: EvaluacionNutricionalControllerTest does not declare any static, non-private, non-final, nested classes annotated with @Configuration.
2026-09-13 14:33:34.898 [] INFO  o.s.b.t.c.SpringBootTestContextBootstrapper - Found @SpringBootConfiguration pe.edu.upeu.saludablemente.SaludablementeApplication for test class pe.edu.upeu.saludablemente.nutricional.controller.EvaluacionNutricionalControllerTest
2026-09-13 14:33:34.906 [] INFO  o.s.b.d.r.RestartApplicationListener - Restart disabled due to context in which it is running
2026-09-13 14:33:35.030 [] INFO  p.e.u.s.n.c.EvaluacionNutricionalControllerTest - Starting EvaluacionNutricionalControllerTest using Java 21.0.12.1 with PID 6464 (started by ASUS in D:\T\02_Proyectos\Proyecto_integrador_2026\saludablemente)
2026-09-13 14:33:35.030 [] DEBUG p.e.u.s.n.c.EvaluacionNutricionalControllerTest - Running with Spring Boot v4.0.7, Spring v7.0.8
2026-09-13 14:33:35.030 [] INFO  p.e.u.s.n.c.EvaluacionNutricionalControllerTest - The following 1 profile is active: "dev"
2026-09-13 14:33:35.751 [] DEBUG p.e.u.s.filter.CorrelationIdFilter - Filter 'correlationIdFilter' configured for use
2026-09-13 14:33:35.751 [] INFO  o.s.b.t.m.w.SpringBootMockServletContext - Initializing Spring TestDispatcherServlet ''
2026-09-13 14:33:35.751 [] INFO  o.s.t.w.s.TestDispatcherServlet - Initializing Servlet ''
2026-09-13 14:33:35.751 [] INFO  o.s.t.w.s.TestDispatcherServlet - Completed initialization in 0 ms
2026-09-13 14:33:35.771 [] INFO  p.e.u.s.n.c.EvaluacionNutricionalControllerTest - Started EvaluacionNutricionalControllerTest in 0.865 seconds (process running for 25.041)
2026-09-13 14:33:35.986 [] INFO  o.s.t.c.s.AnnotationConfigContextLoaderUtils - Could not detect default configuration classes for test class [pe.edu.upeu.saludablemente.personal.controller.PersonaControllerTest]: PersonaControllerTest does not declare any static, non-private, non-final, nested classes annotated with @Configuration.
2026-09-13 14:33:36.084 [] INFO  o.s.b.t.c.SpringBootTestContextBootstrapper - Found @SpringBootConfiguration pe.edu.upeu.saludablemente.SaludablementeApplication for test class pe.edu.upeu.saludablemente.personal.controller.PersonaControllerTest
2026-09-13 14:33:36.087 [] INFO  o.s.t.c.s.AnnotationConfigContextLoaderUtils - Could not detect default configuration classes for test class [pe.edu.upeu.saludablemente.personal.controller.PersonaControllerTest]: PersonaControllerTest does not declare any static, non-private, non-final, nested classes annotated with @Configuration.
2026-09-13 14:33:36.107 [] INFO  o.s.b.t.c.SpringBootTestContextBootstrapper - Found @SpringBootConfiguration pe.edu.upeu.saludablemente.SaludablementeApplication for test class pe.edu.upeu.saludablemente.personal.controller.PersonaControllerTest
2026-09-13 14:33:36.118 [] INFO  o.s.b.d.r.RestartApplicationListener - Restart disabled due to context in which it is running
2026-09-13 14:33:36.228 [] INFO  p.e.u.s.p.c.PersonaControllerTest - Starting PersonaControllerTest using Java 21.0.12.1 with PID 6464 (started by ASUS in D:\T\02_Proyectos\Proyecto_integrador_2026\saludablemente)
2026-09-13 14:33:36.228 [] DEBUG p.e.u.s.p.c.PersonaControllerTest - Running with Spring Boot v4.0.7, Spring v7.0.8
2026-09-13 14:33:36.228 [] INFO  p.e.u.s.p.c.PersonaControllerTest - The following 1 profile is active: "dev"
2026-09-13 14:33:36.973 [] DEBUG p.e.u.s.filter.CorrelationIdFilter - Filter 'correlationIdFilter' configured for use
2026-09-13 14:33:36.973 [] INFO  o.s.b.t.m.w.SpringBootMockServletContext - Initializing Spring TestDispatcherServlet ''
2026-09-13 14:33:36.973 [] INFO  o.s.t.w.s.TestDispatcherServlet - Initializing Servlet ''
2026-09-13 14:33:36.978 [] INFO  o.s.t.w.s.TestDispatcherServlet - Completed initialization in 5 ms
2026-09-13 14:33:37.000 [] INFO  p.e.u.s.p.c.PersonaControllerTest - Started PersonaControllerTest in 0.882 seconds (process running for 26.269)
2026-09-13 14:33:37.191 [] INFO  o.s.t.c.s.AnnotationConfigContextLoaderUtils - Could not detect default configuration classes for test class [pe.edu.upeu.saludablemente.SaludablementeApplicationTests]: SaludablementeApplicationTests does not declare any static, non-private, non-final, nested classes annotated with @Configuration.
2026-09-13 14:33:37.238 [] INFO  o.s.b.t.c.SpringBootTestContextBootstrapper - Found @SpringBootConfiguration pe.edu.upeu.saludablemente.SaludablementeApplication for test class pe.edu.upeu.saludablemente.SaludablementeApplicationTests
2026-09-13 14:33:37.248 [] INFO  o.s.t.c.s.AnnotationConfigContextLoaderUtils - Could not detect default configuration classes for test class [pe.edu.upeu.saludablemente.SaludablementeApplicationTests]: SaludablementeApplicationTests does not declare any static, non-private, non-final, nested classes annotated with @Configuration.
2026-09-13 14:33:37.248 [] INFO  o.s.b.t.c.SpringBootTestContextBootstrapper - Found @SpringBootConfiguration pe.edu.upeu.saludablemente.SaludablementeApplication for test class pe.edu.upeu.saludablemente.SaludablementeApplicationTests
2026-09-13 14:33:37.261 [] INFO  o.s.b.d.r.RestartApplicationListener - Restart disabled due to context in which it is running
2026-09-13 14:33:37.368 [] INFO  p.e.u.s.SaludablementeApplicationTests - Starting SaludablementeApplicationTests using Java 21.0.12.1 with PID 6464 (started by ASUS in D:\T\02_Proyectos\Proyecto_integrador_2026\saludablemente)
2026-09-13 14:33:37.368 [] INFO  p.e.u.s.SaludablementeApplicationTests - The following 1 profile is active: "test"
2026-09-13 14:33:39.057 [] INFO  o.s.d.r.c.RepositoryConfigurationDelegate - Bootstrapping Spring Data JPA repositories in DEFAULT mode.
2026-09-13 14:33:39.237 [] INFO  o.s.d.r.c.RepositoryConfigurationDelegate - Finished Spring Data repository scanning in 154 ms. Found 9 JPA repository interfaces.
2026-09-13 14:33:40.417 [] INFO  org.hibernate.orm.jpa - HHH008540: Processing PersistenceUnitInfo [name: default]
2026-09-13 14:33:40.611 [] INFO  org.hibernate.orm.core - HHH000001: Hibernate ORM core version 7.2.19.Final
2026-09-13 14:33:41.560 [] INFO  o.s.o.j.p.SpringPersistenceUnitInfo - No LoadTimeWeaver setup: ignoring JPA class transformer
2026-09-13 14:33:41.665 [] INFO  com.zaxxer.hikari.HikariDataSource - HikariPool-1 - Starting...
2026-09-13 14:33:42.598 [] INFO  com.zaxxer.hikari.pool.HikariPool - HikariPool-1 - Added connection conn0: url=jdbc:h2:mem:testdb user=SA
2026-09-13 14:33:42.610 [] INFO  com.zaxxer.hikari.HikariDataSource - HikariPool-1 - Start completed.
2026-09-13 14:33:42.768 [] INFO  o.hibernate.orm.connections.pooling - HHH10001005: Database info:
	Database JDBC URL [jdbc:h2:mem:testdb]
	Database driver: H2 JDBC Driver
	Database dialect: H2Dialect
	Database version: 2.4.240
	Default catalog/schema: TESTDB/PUBLIC
	Autocommit mode: undefined/unknown
	Isolation level: READ_COMMITTED [default READ_COMMITTED]
	JDBC fetch size: 100
	Pool: DataSourceConnectionProvider
	Minimum pool size: undefined/unknown
	Maximum pool size: undefined/unknown
2026-09-13 14:33:45.459 [] INFO  org.hibernate.orm.core - HHH000489: No JTA platform available (set 'hibernate.transaction.jta.platform' to enable JTA platform integration)
2026-09-13 14:33:45.647 [] INFO  o.s.o.j.LocalContainerEntityManagerFactoryBean - Initialized JPA EntityManagerFactory for persistence unit 'default'
2026-09-13 14:33:45.909 [] INFO  o.s.d.j.r.q.QueryEnhancerFactories - Hibernate is in classpath; If applicable, HQL parser will be used.
2026-09-13 14:33:47.167 [] WARN  o.s.b.j.a.JpaBaseConfiguration$JpaWebConfiguration - spring.jpa.open-in-view is enabled by default. Therefore, database queries may be performed during view rendering. Explicitly configure spring.jpa.open-in-view to disable this warning
2026-09-13 14:33:48.930 [] INFO  o.s.b.a.e.web.EndpointLinksResolver - Exposing 1 endpoint beneath base path '/actuator'
2026-09-13 14:33:49.117 [] INFO  o.s.s.config.TaskSchedulerRouter - No TaskScheduler/ScheduledExecutorService bean found for scheduled processing
2026-09-13 14:33:49.130 [] INFO  p.e.u.s.SaludablementeApplicationTests - Started SaludablementeApplicationTests in 11.869 seconds (process running for 38.399)
2026-09-13 14:33:49.147 [] WARN  o.s.c.events.SpringDocAppInitializer - SpringDoc /v3/api-docs endpoint is enabled by default. To disable it in production, set the property 'springdoc.api-docs.enabled=false'
2026-09-13 14:33:49.147 [] WARN  o.s.c.events.SpringDocAppInitializer - SpringDoc /swagger-ui.html endpoint is enabled by default. To disable it in production, set the property 'springdoc.swagger-ui.enabled=false'
2026-09-13 14:33:49.198 [] INFO  o.s.o.j.LocalContainerEntityManagerFactoryBean - Closing JPA EntityManagerFactory for persistence unit 'default'
2026-09-13 14:33:49.230 [] INFO  com.zaxxer.hikari.HikariDataSource - HikariPool-1 - Shutdown initiated...
2026-09-13 14:33:49.230 [] INFO  com.zaxxer.hikari.HikariDataSource - HikariPool-1 - Shutdown completed.
